------------------------------------------------------------
Timing Analyzer Summary
------------------------------------------------------------

Type  : Slow 1100mV 85C Model Setup 'Clock'
Slack : -0.509
TNS   : -1.407

Type  : Slow 1100mV 85C Model Hold 'Clock'
Slack : 0.524
TNS   : 0.000

Type  : Slow 1100mV 85C Model Minimum Pulse Width 'Clock'
Slack : -0.724
TNS   : -4.430

Type  : Slow 1100mV 0C Model Setup 'Clock'
Slack : -0.576
TNS   : -1.446

Type  : Slow 1100mV 0C Model Hold 'Clock'
Slack : 0.496
TNS   : 0.000

Type  : Slow 1100mV 0C Model Minimum Pulse Width 'Clock'
Slack : -0.724
TNS   : -4.516

Type  : Fast 1100mV 85C Model Setup 'Clock'
Slack : 0.386
TNS   : 0.000

Type  : Fast 1100mV 85C Model Hold 'Clock'
Slack : 0.182
TNS   : 0.000

Type  : Fast 1100mV 85C Model Minimum Pulse Width 'Clock'
Slack : -0.079
TNS   : -0.314

Type  : Fast 1100mV 0C Model Setup 'Clock'
Slack : 0.422
TNS   : 0.000

Type  : Fast 1100mV 0C Model Hold 'Clock'
Slack : 0.173
TNS   : 0.000

Type  : Fast 1100mV 0C Model Minimum Pulse Width 'Clock'
Slack : -0.080
TNS   : -0.316

------------------------------------------------------------
