------------------------------------------------------------
Timing Analyzer Summary
------------------------------------------------------------

Type  : Slow 1100mV 85C Model Setup 'clk'
Slack : -0.525
TNS   : -4.107

Type  : Slow 1100mV 85C Model Hold 'clk'
Slack : 0.411
TNS   : 0.000

Type  : Slow 1100mV 85C Model Minimum Pulse Width 'clk'
Slack : -0.724
TNS   : -12.193

Type  : Slow 1100mV 0C Model Setup 'clk'
Slack : -0.632
TNS   : -3.827

Type  : Slow 1100mV 0C Model Hold 'clk'
Slack : 0.405
TNS   : 0.000

Type  : Slow 1100mV 0C Model Minimum Pulse Width 'clk'
Slack : -0.724
TNS   : -12.226

Type  : Fast 1100mV 85C Model Setup 'clk'
Slack : 0.382
TNS   : 0.000

Type  : Fast 1100mV 85C Model Hold 'clk'
Slack : 0.184
TNS   : 0.000

Type  : Fast 1100mV 85C Model Minimum Pulse Width 'clk'
Slack : -0.085
TNS   : -0.928

Type  : Fast 1100mV 0C Model Setup 'clk'
Slack : 0.410
TNS   : 0.000

Type  : Fast 1100mV 0C Model Hold 'clk'
Slack : 0.163
TNS   : 0.000

Type  : Fast 1100mV 0C Model Minimum Pulse Width 'clk'
Slack : -0.085
TNS   : -0.923

------------------------------------------------------------
