------------------------------------------------------------
Timing Analyzer Summary
------------------------------------------------------------

Type  : Slow 1100mV 85C Model Setup 'clock'
Slack : 0.009
TNS   : 0.000

Type  : Slow 1100mV 85C Model Hold 'clock'
Slack : 0.293
TNS   : 0.000

Type  : Slow 1100mV 85C Model Minimum Pulse Width 'clock'
Slack : -0.724
TNS   : -6.652

Type  : Slow 1100mV 0C Model Setup 'clock'
Slack : 0.023
TNS   : 0.000

Type  : Slow 1100mV 0C Model Hold 'clock'
Slack : 0.279
TNS   : 0.000

Type  : Slow 1100mV 0C Model Minimum Pulse Width 'clock'
Slack : -0.724
TNS   : -6.666

Type  : Fast 1100mV 85C Model Setup 'clock'
Slack : 0.560
TNS   : 0.000

Type  : Fast 1100mV 85C Model Hold 'clock'
Slack : 0.135
TNS   : 0.000

Type  : Fast 1100mV 85C Model Minimum Pulse Width 'clock'
Slack : -0.085
TNS   : -0.500

Type  : Fast 1100mV 0C Model Setup 'clock'
Slack : 0.582
TNS   : 0.000

Type  : Fast 1100mV 0C Model Hold 'clock'
Slack : 0.123
TNS   : 0.000

Type  : Fast 1100mV 0C Model Minimum Pulse Width 'clock'
Slack : -0.084
TNS   : -0.498

------------------------------------------------------------
