------------------------------------------------------------
Timing Analyzer Summary
------------------------------------------------------------

Type  : Slow 1100mV 85C Model Setup 'clock'
Slack : -0.465
TNS   : -2.042

Type  : Slow 1100mV 85C Model Hold 'clock'
Slack : 0.528
TNS   : 0.000

Type  : Slow 1100mV 85C Model Minimum Pulse Width 'clock'
Slack : -0.724
TNS   : -5.538

Type  : Slow 1100mV 0C Model Setup 'clock'
Slack : -0.510
TNS   : -2.402

Type  : Slow 1100mV 0C Model Hold 'clock'
Slack : 0.502
TNS   : 0.000

Type  : Slow 1100mV 0C Model Minimum Pulse Width 'clock'
Slack : -0.724
TNS   : -5.658

Type  : Fast 1100mV 85C Model Setup 'clock'
Slack : 0.386
TNS   : 0.000

Type  : Fast 1100mV 85C Model Hold 'clock'
Slack : 0.184
TNS   : 0.000

Type  : Fast 1100mV 85C Model Minimum Pulse Width 'clock'
Slack : -0.080
TNS   : -0.392

Type  : Fast 1100mV 0C Model Setup 'clock'
Slack : 0.416
TNS   : 0.000

Type  : Fast 1100mV 0C Model Hold 'clock'
Slack : 0.176
TNS   : 0.000

Type  : Fast 1100mV 0C Model Minimum Pulse Width 'clock'
Slack : -0.080
TNS   : -0.394

------------------------------------------------------------
