------------------------------------------------------------
Timing Analyzer Summary
------------------------------------------------------------

Type  : Slow 1100mV 85C Model Setup 'clock'
Slack : -0.525
TNS   : -2.072

Type  : Slow 1100mV 85C Model Hold 'clock'
Slack : 0.322
TNS   : 0.000

Type  : Slow 1100mV 85C Model Minimum Pulse Width 'clock'
Slack : -0.724
TNS   : -5.542

Type  : Slow 1100mV 0C Model Setup 'clock'
Slack : -0.632
TNS   : -2.318

Type  : Slow 1100mV 0C Model Hold 'clock'
Slack : 0.312
TNS   : 0.000

Type  : Slow 1100mV 0C Model Minimum Pulse Width 'clock'
Slack : -0.724
TNS   : -5.560

Type  : Fast 1100mV 85C Model Setup 'clock'
Slack : 0.386
TNS   : 0.000

Type  : Fast 1100mV 85C Model Hold 'clock'
Slack : 0.139
TNS   : 0.000

Type  : Fast 1100mV 85C Model Minimum Pulse Width 'clock'
Slack : -0.085
TNS   : -0.421

Type  : Fast 1100mV 0C Model Setup 'clock'
Slack : 0.414
TNS   : 0.000

Type  : Fast 1100mV 0C Model Hold 'clock'
Slack : 0.126
TNS   : 0.000

Type  : Fast 1100mV 0C Model Minimum Pulse Width 'clock'
Slack : -0.085
TNS   : -0.419

------------------------------------------------------------
