------------------------------------------------------------
Timing Analyzer Summary
------------------------------------------------------------

Type  : Slow 1100mV 85C Model Setup 'clock'
Slack : -0.357
TNS   : -0.714

Type  : Slow 1100mV 85C Model Hold 'clock'
Slack : 0.302
TNS   : 0.000

Type  : Slow 1100mV 85C Model Minimum Pulse Width 'clock'
Slack : -0.724
TNS   : -2.218

Type  : Slow 1100mV 0C Model Setup 'clock'
Slack : -0.449
TNS   : -0.898

Type  : Slow 1100mV 0C Model Hold 'clock'
Slack : 0.288
TNS   : 0.000

Type  : Slow 1100mV 0C Model Minimum Pulse Width 'clock'
Slack : -0.724
TNS   : -2.212

Type  : Fast 1100mV 85C Model Setup 'clock'
Slack : 0.475
TNS   : 0.000

Type  : Fast 1100mV 85C Model Hold 'clock'
Slack : 0.140
TNS   : 0.000

Type  : Fast 1100mV 85C Model Minimum Pulse Width 'clock'
Slack : -0.085
TNS   : -0.170

Type  : Fast 1100mV 0C Model Setup 'clock'
Slack : 0.492
TNS   : 0.000

Type  : Fast 1100mV 0C Model Hold 'clock'
Slack : 0.125
TNS   : 0.000

Type  : Fast 1100mV 0C Model Minimum Pulse Width 'clock'
Slack : -0.085
TNS   : -0.170

------------------------------------------------------------
